PROMPT 1:

Generate an SQL statement to answer a question.

Prompt: 
	Give total crimes occurred in Atlanta on each day of the week

All Schema: 
	    philly_crime_data (Crime_ID, Report_#, Crime_Date, Crime_Time, Crime_Type, Area_#, Address, Longitude, Latitude)
	    nyc_crime_data (Crime_ID, Report_#, Crime_Date, Crime_Time, Crime_Class, Crime_Type, Area_Name, Latitude, Longitude)
	    la_crime_data (Crime_ID, Report_#, Date_Reported, Crime_Date, Crime_Time, Crime_Type, Area_Name, Vict_Age, Vict_Sex, Weapon_Desc, Address, Latitude, Longitude)
	    atlanta_crime_data (Crime_ID, Report_#, Day_Occurred, Crime_Date, Crime_Time, Crime_Type, Area_Name, Address, Longitude, Latitude)

Note, only respond with a single most accurate SQL statement.
If more information is required, simply respond with 'INSUFFICENT'.

RESPONSE 1:

Generate an SQL statement to answer a question.

Prompt: 
	Give total crimes occurred in Atlanta on each day of the week

All Schema: 
	    philly_crime_data (Crime_ID, Report_#, Crime_Date, Crime_Time, Crime_Type, Area_#, Address, Longitude, Latitude)
	    nyc_crime_data (Crime_ID, Report_#, Crime_Date, Crime_Time, Crime_Class, Crime_Type, Area_Name, Latitude, Longitude)
	    la_crime_data (Crime_ID, Report_#, Date_Reported, Crime_Date, Crime_Time, Crime_Type, Area_Name, Vict_Age, Vict_Sex, Weapon_Desc, Address, Latitude, Longitude)
	    atlanta_crime_data (Crime_ID, Report_#, Day_Occurred, Crime_Date, Crime_Time, Crime_Type, Area_Name, Address, Longitude, Latitude)

Note, only respond with a single most accurate SQL statement.
If more information is required, simply respond with 'INSUFFICENT'.

















































































































































































































































































































































































































































































































































































































































































































































































































































































































































































































































































































































































































































































































































































































































































































































































































































































































































































































































====================================================================================================

