PROMPT 1:

Generate an SQL statement to answer a question.

Prompt: 
	Get count of mass shootings for each month in USA.

Note, only respond with a single most accurate SQL statement.
If more information is required, simply respond with 'INSUFFICENT'.

RESPONSE 1:

Generate an SQL statement to answer a question.

Prompt: 
	Get count of mass shootings for each month in USA.

Note, only respond with a single most accurate SQL statement.
If more information is required, simply respond with 'INSUFFICENT'.




































































































































































































































































































































































































































































































































































































































































































































































































































































































































































































































































































































































































































































































































































































































































































































































































































































































































































































































































































































































































































































====================================================================================================

PROMPT 2:

Generate an SQL statement to answer a question.

Prompt: 
	For each state, get total suspects arrested per million capita

Note, only respond with a single most accurate SQL statement.
If more information is required, simply respond with 'INSUFFICENT'.

RESPONSE 2:

Generate an SQL statement to answer a question.

Prompt: 
	For each state, get total suspects arrested per million capita

Note, only respond with a single most accurate SQL statement.
If more information is required, simply respond with 'INSUFFICENT'.



































































































































































































































































































































































































































































































































































































































































































































































































































































































































































































































































































































































































































































































































































































































































































































































































































































































































































































































































































































































































































































====================================================================================================

PROMPT 3:

Generate an SQL statement to answer a question.

Prompt: 
	Get count of homeless population and US shooting incidents for each year.

Note, only respond with a single most accurate SQL statement.
If more information is required, simply respond with 'INSUFFICENT'.

RESPONSE 3:

Generate an SQL statement to answer a question.

Prompt: 
	Get count of homeless population and US shooting incidents for each year.

Note, only respond with a single most accurate SQL statement.
If more information is required, simply respond with 'INSUFFICENT'.



































































































































































































































































































































































































































































































































































































































































































































































































































































































































































































































































































































































































































































































































































































































































































































































































































































































































































































































































































































































































































































====================================================================================================

PROMPT 4:

Generate an SQL statement to answer a question.

Prompt: 
	Get homeless population per capita for each county of California.

Note, only respond with a single most accurate SQL statement.
If more information is required, simply respond with 'INSUFFICENT'.

RESPONSE 4:

Generate an SQL statement to answer a question.

Prompt: 
	Get homeless population per capita for each county of California.

Note, only respond with a single most accurate SQL statement.
If more information is required, simply respond with 'INSUFFICENT'.




































































































































































































































































































































































































































































































































































































































































































































































































































































































































































































































































































































































































































































































































































































































































































































































































































































































































































































































































































































































































































































====================================================================================================

PROMPT 5:

Generate an SQL statement to answer a question.

Prompt: 
	Get homeless population per capita and US shooting incidents per million capita for each county of California.

Note, only respond with a single most accurate SQL statement.
If more information is required, simply respond with 'INSUFFICENT'.

RESPONSE 5:

Generate an SQL statement to answer a question.

Prompt: 
	Get homeless population per capita and US shooting incidents per million capita for each county of California.

Note, only respond with a single most accurate SQL statement.
If more information is required, simply respond with 'INSUFFICENT'.




























































































































































































































































































































































































































































































































































































































































































































































































































































































































































































































































































































































































































































































































































































































































































































































































































































































































































































































































































































































































































































====================================================================================================

PROMPT 6:

Generate an SQL statement to answer a question.

Prompt: 
	For each county, get shooting incidents per million capita, and income per million capita.

Note, only respond with a single most accurate SQL statement.
If more information is required, simply respond with 'INSUFFICENT'.

RESPONSE 6:

Generate an SQL statement to answer a question.

Prompt: 
	For each county, get shooting incidents per million capita, and income per million capita.

Note, only respond with a single most accurate SQL statement.
If more information is required, simply respond with 'INSUFFICENT'.





























































































































































































































































































































































































































































































































































































































































































































































































































































































































































































































































































































































































































































































































































































































































































































































































































































































































































































































































































































































































































































====================================================================================================

PROMPT 7:

Generate an SQL statement to answer a question.

Prompt: 
	For each state, get shooting incidents per million capita, and income per million capita.

Note, only respond with a single most accurate SQL statement.
If more information is required, simply respond with 'INSUFFICENT'.

RESPONSE 7:

Generate an SQL statement to answer a question.

Prompt: 
	For each state, get shooting incidents per million capita, and income per million capita.

Note, only respond with a single most accurate SQL statement.
If more information is required, simply respond with 'INSUFFICENT'.





























































































































































































































































































































































































































































































































































































































































































































































































































































































































































































































































































































































































































































































































































































































































































































































































































































































































































































































































































































































































































































====================================================================================================

PROMPT 8:

Generate an SQL statement to answer a question.

Prompt: 
	Get count of suspects arrested each month over the years.

Note, only respond with a single most accurate SQL statement.
If more information is required, simply respond with 'INSUFFICENT'.

RESPONSE 8:

Generate an SQL statement to answer a question.

Prompt: 
	Get count of suspects arrested each month over the years.

Note, only respond with a single most accurate SQL statement.
If more information is required, simply respond with 'INSUFFICENT'.




































































































































































































































































































































































































































































































































































































































































































































































































































































































































































































































































































































































































































































































































































































































































































































































































































































































































































































































































































































































































































































====================================================================================================

PROMPT 9:

Generate an SQL statement to answer a question.

Prompt: 
	Get count of victims injured, suspects arrested and suspects killed for each incident.

Note, only respond with a single most accurate SQL statement.
If more information is required, simply respond with 'INSUFFICENT'.

RESPONSE 9:

Generate an SQL statement to answer a question.

Prompt: 
	Get count of victims injured, suspects arrested and suspects killed for each incident.

Note, only respond with a single most accurate SQL statement.
If more information is required, simply respond with 'INSUFFICENT'.































































































































































































































































































































































































































































































































































































































































































































































































































































































































































































































































































































































































































































































































































































































































































































































































































































































































































































































































































































































































































































====================================================================================================

PROMPT 10:

Generate an SQL statement to answer a question.

Prompt: 
	For each month, get count of victims killed and average of victims killed in each shooting incident.

Note, only respond with a single most accurate SQL statement.
If more information is required, simply respond with 'INSUFFICENT'.

RESPONSE 10:

Generate an SQL statement to answer a question.

Prompt: 
	For each month, get count of victims killed and average of victims killed in each shooting incident.

Note, only respond with a single most accurate SQL statement.
If more information is required, simply respond with 'INSUFFICENT'.





























































































































































































































































































































































































































































































































































































































































































































































































































































































































































































































































































































































































































































































































































































































































































































































































































































































































































































































































































































































































































































====================================================================================================

PROMPT 11:

Generate an SQL statement to answer a question.

Prompt: 
	For each county, get victims killed per million capita, victims injured per million capita, suspects arrested per million capita, and incident counts for million capita.

Note, only respond with a single most accurate SQL statement.
If more information is required, simply respond with 'INSUFFICENT'.

RESPONSE 11:

Generate an SQL statement to answer a question.

Prompt: 
	For each county, get victims killed per million capita, victims injured per million capita, suspects arrested per million capita, and incident counts for million capita.

Note, only respond with a single most accurate SQL statement.
If more information is required, simply respond with 'INSUFFICENT'.













































































































































































































































































































































































































































































































































































































































































































































































































































































































































































































































































































































































































































































































































































































































































































































































































































































































































































































































































































































































































































====================================================================================================

PROMPT 12:

Generate an SQL statement to answer a question.

Prompt: 
	For each state, get shooting incidents per million capita.

Note, only respond with a single most accurate SQL statement.
If more information is required, simply respond with 'INSUFFICENT'.

RESPONSE 12:

Generate an SQL statement to answer a question.

Prompt: 
	For each state, get shooting incidents per million capita.

Note, only respond with a single most accurate SQL statement.
If more information is required, simply respond with 'INSUFFICENT'.




































































































































































































































































































































































































































































































































































































































































































































































































































































































































































































































































































































































































































































































































































































































































































































































































































































































































































































































































































































































































































































====================================================================================================

PROMPT 13:

Generate an SQL statement to answer a question.

Prompt: 
	For each state, get victims killed per million capita.

Note, only respond with a single most accurate SQL statement.
If more information is required, simply respond with 'INSUFFICENT'.

RESPONSE 13:

Generate an SQL statement to answer a question.

Prompt: 
	For each state, get victims killed per million capita.

Note, only respond with a single most accurate SQL statement.
If more information is required, simply respond with 'INSUFFICENT'.




































































































































































































































































































































































































































































































































































































































































































































































































































































































































































































































































































































































































































































































































































































































































































































































































































































































































































































































































































































































































































































====================================================================================================

